V3 62
FL /home/student1/d3krishn/Desktop/CACHE2/CacheController.vhd 2015/11/03.13:46:55 O.87xd
FL /home/student1/d3krishn/Desktop/CACHE2/CPU_gen.vhd 2015/10/31.14:39:34 O.87xd
FL /home/student1/d3krishn/Desktop/CACHE2/ipcore_dir/icon.vhd 2015/11/01.18:05:10 O.87xd
FL /home/student1/d3krishn/Desktop/CACHE2/ipcore_dir/ila.vhd 2015/11/01.19:15:24 O.87xd
FL /home/student1/d3krishn/Desktop/CACHE2/ipcore_dir/SRAM.vhd 2015/11/01.14:56:56 O.87xd
FL /home/student1/d3krishn/Desktop/CACHE2/SDRAMController.vhd 2015/10/31.16:31:18 O.87xd
FL /home/student1/h3kamal/coe758/CacheController/CacheController.vhd 2017/10/31.11:45:16 O.87xd
FL /home/student1/h3kamal/coe758/CacheController/CPU_gen.vhd 2017/10/17.13:35:46 O.87xd
FL /home/student1/h3kamal/coe758/CacheController/ipcore_dir/icon.vhd 2015/11/01.19:05:10 O.87xd
FL /home/student1/h3kamal/coe758/CacheController/ipcore_dir/ila.vhd 2017/10/26.11:43:52 O.87xd
FL /home/student1/h3kamal/coe758/CacheController/ipcore_dir/SRAM.vhd 2015/11/01.15:56:56 O.87xd
FL /home/student1/h3kamal/coe758/CacheController/SDRAMController.vhd 2017/10/31.11:44:59 O.87xd
FL /home/student1/zzuberi/coe758/DesignProject1/CacheController.vhd 2024/10/15.15:46:24 O.87xd
EN work/CacheController 1729021623 \
      FL /home/student1/zzuberi/coe758/DesignProject1/CacheController.vhd \
      PB ieee/std_logic_1164 1317710503 PB ieee/NUMERIC_STD 1317710508
AR work/CacheController/Behavioral 1729021624 \
      FL /home/student1/zzuberi/coe758/DesignProject1/CacheController.vhd \
      EN work/CacheController 1729021623 CP CPU_gen CP SDRAMController CP SRAM \
      CP icon CP ila
FL /home/student1/zzuberi/coe758/DesignProject1/CPU_gen.vhd 2019/02/13.23:35:28 O.87xd
EN work/CPU_gen 1729021613 \
      FL /home/student1/zzuberi/coe758/DesignProject1/CPU_gen.vhd \
      PB ieee/std_logic_1164 1317710503 PB ieee/std_logic_arith 1317710504 \
      PB ieee/STD_LOGIC_UNSIGNED 1317710506
AR work/CPU_gen/Behavioral 1729021614 \
      FL /home/student1/zzuberi/coe758/DesignProject1/CPU_gen.vhd EN work/CPU_gen 1729021613
FL /home/student1/zzuberi/coe758/DesignProject1/ipcore_dir/icon.vhd 2024/10/15.14:53:09 O.87xd
EN work/icon 1729021619 \
      FL /home/student1/zzuberi/coe758/DesignProject1/ipcore_dir/icon.vhd \
      PB ieee/std_logic_1164 1317710503
AR work/icon/icon_a 1729021620 \
      FL /home/student1/zzuberi/coe758/DesignProject1/ipcore_dir/icon.vhd \
      EN work/icon 1729021619
FL /home/student1/zzuberi/coe758/DesignProject1/ipcore_dir/ila.vhd 2024/10/15.14:55:40 O.87xd
EN work/ila 1729021621 \
      FL /home/student1/zzuberi/coe758/DesignProject1/ipcore_dir/ila.vhd \
      PB ieee/std_logic_1164 1317710503
AR work/ila/ila_a 1729021622 \
      FL /home/student1/zzuberi/coe758/DesignProject1/ipcore_dir/ila.vhd \
      EN work/ila 1729021621
FL /home/student1/zzuberi/coe758/DesignProject1/ipcore_dir/SRAM.vhd 2024/10/15.14:52:09 O.87xd
EN work/SRAM 1729021617 \
      FL /home/student1/zzuberi/coe758/DesignProject1/ipcore_dir/SRAM.vhd \
      PB ieee/std_logic_1164 1317710503
AR work/SRAM/SRAM_a 1729021618 \
      FL /home/student1/zzuberi/coe758/DesignProject1/ipcore_dir/SRAM.vhd \
      EN work/SRAM 1729021617
FL /home/student1/zzuberi/coe758/DesignProject1/SDRAMController.vhd 2024/10/14.16:53:56 O.87xd
EN work/SDRAMController 1729021615 \
      FL /home/student1/zzuberi/coe758/DesignProject1/SDRAMController.vhd \
      PB ieee/std_logic_1164 1317710503 PB ieee/NUMERIC_STD 1317710508
AR work/SDRAMController/Behavioral 1729021616 \
      FL /home/student1/zzuberi/coe758/DesignProject1/SDRAMController.vhd \
      EN work/SDRAMController 1729021615
FL /home/student1/zzuberi/coe758/DesignProject13/CacheController.vhd 2024/10/14.16:50:17 O.87xd
FL /home/student1/zzuberi/coe758/DesignProject13/CPU_gen.vhd 2019/02/13.23:35:28 O.87xd
FL /home/student1/zzuberi/coe758/DesignProject13/ipcore_dir/icon.vhd 2019/02/13.23:35:28 O.87xd
FL /home/student1/zzuberi/coe758/DesignProject13/ipcore_dir/ila.vhd 2019/02/13.23:35:28 O.87xd
FL /home/student1/zzuberi/coe758/DesignProject13/ipcore_dir/SRAM.vhd 2019/02/13.23:35:28 O.87xd
FL /home/student1/zzuberi/coe758/DesignProject13/SDRAMController.vhd 2024/10/14.16:53:56 O.87xd
FL /home/student2/rmurari/COE758/cachetest/CACHE2/CacheController.vhd 2016/10/24.19:52:11 O.87xd
FL /home/student2/rmurari/COE758/cachetest/CACHE2/CPU_gen.vhd 2015/10/31.14:39:34 O.87xd
FL /home/student2/rmurari/COE758/cachetest/CACHE2/ipcore_dir/icon.vhd 2015/11/01.19:05:10 O.87xd
FL /home/student2/rmurari/COE758/cachetest/CACHE2/ipcore_dir/ila.vhd 2015/11/01.20:15:24 O.87xd
FL /home/student2/rmurari/COE758/cachetest/CACHE2/ipcore_dir/SRAM.vhd 2015/11/01.15:56:56 O.87xd
FL /home/student2/rmurari/COE758/cachetest/CACHE2/SDRAMController.vhd 2015/10/31.16:31:18 O.87xd
FL /home/student2/rmurari/COE758/cachetest/CacheController/CacheController.vhd 2016/10/25.22:28:15 O.87xd
FL /home/student2/rmurari/COE758/cachetest/CacheController/CPU_gen.vhd 2015/10/31.14:39:34 O.87xd
FL /home/student2/rmurari/COE758/cachetest/CacheController/ipcore_dir/icon.vhd 2015/11/01.19:05:10 O.87xd
FL /home/student2/rmurari/COE758/cachetest/CacheController/ipcore_dir/ila.vhd 2015/11/01.20:15:24 O.87xd
FL /home/student2/rmurari/COE758/cachetest/CacheController/ipcore_dir/SRAM.vhd 2015/11/01.15:56:56 O.87xd
FL /home/student2/rmurari/COE758/cachetest/CacheController/SDRAMController.vhd 2015/10/31.16:31:18 O.87xd
FL "/media/0AE8-77F0/Ryerson EE Account/COE758/CacheProject/CacheControllerProject/CACHE2/CacheController.vhd" 2015/11/01.19:27:54 O.87xd
FL "/media/0AE8-77F0/Ryerson EE Account/COE758/CacheProject/CacheControllerProject/CACHE2/CPU_gen.vhd" 2015/10/31.14:39:34 O.87xd
FL "/media/0AE8-77F0/Ryerson EE Account/COE758/CacheProject/CacheControllerProject/CACHE2/ipcore_dir/icon.vhd" 2015/11/01.18:05:10 O.87xd
FL "/media/0AE8-77F0/Ryerson EE Account/COE758/CacheProject/CacheControllerProject/CACHE2/ipcore_dir/ila.vhd" 2015/11/01.19:15:24 O.87xd
FL "/media/0AE8-77F0/Ryerson EE Account/COE758/CacheProject/CacheControllerProject/CACHE2/ipcore_dir/SRAM.vhd" 2015/11/01.14:56:56 O.87xd
FL "/media/0AE8-77F0/Ryerson EE Account/COE758/CacheProject/CacheControllerProject/CACHE2/ipcore_dir/vio.vhd" 2015/11/01.16:41:12 O.87xd
EN work/vio 1446418507 \
      FL "/media/0AE8-77F0/Ryerson EE Account/COE758/CacheProject/CacheControllerProject/CACHE2/ipcore_dir/vio.vhd" \
      PB ieee/std_logic_1164 1317710503
AR work/vio/vio_a 1446418508 \
      FL "/media/0AE8-77F0/Ryerson EE Account/COE758/CacheProject/CacheControllerProject/CACHE2/ipcore_dir/vio.vhd" \
      EN work/vio 1446418507
FL "/media/0AE8-77F0/Ryerson EE Account/COE758/CacheProject/CacheControllerProject/CACHE2/SDRAMController.vhd" 2015/10/31.16:31:18 O.87xd
